Archive member included to satisfy reference by file (symbol)

/usr/share/segger_embedded_studio_for_arm_4.16a/lib/libc_v7em_fpv4_sp_d16_hard_t_le_eabi.a(libc2.o)
                              Output/stm_blinky_embedded_studio Debug/Obj/SEGGER_RTT_SES.o (vsnprintf)
/usr/share/segger_embedded_studio_for_arm_4.16a/lib/libc_v7em_fpv4_sp_d16_hard_t_le_eabi.a(libc2_asm.o)
                              Output/stm_blinky_embedded_studio Debug/Obj/SEGGER_RTT.o (memcpy)
/usr/share/segger_embedded_studio_for_arm_4.16a/lib/libc_v7em_fpv4_sp_d16_hard_t_le_eabi.a(libc.o)
                              /usr/share/segger_embedded_studio_for_arm_4.16a/lib/libc_v7em_fpv4_sp_d16_hard_t_le_eabi.a(libc2.o) (__heap_lock)
/usr/share/segger_embedded_studio_for_arm_4.16a/lib/libc_v7em_fpv4_sp_d16_hard_t_le_eabi.a(libc_asm.o)
                              /usr/share/segger_embedded_studio_for_arm_4.16a/lib/libc_v7em_fpv4_sp_d16_hard_t_le_eabi.a(libc2.o) (__aeabi_uldivmod)
/usr/share/segger_embedded_studio_for_arm_4.16a/lib/libcpp_v7em_fpv4_sp_d16_hard_t_le_eabi.a(new.o)
                              Output/stm_blinky_embedded_studio Debug/Obj/interruptable.o (__cxa_pure_virtual)
/usr/share/segger_embedded_studio_for_arm_4.16a/lib/libdebugio_v7em_fpv4_sp_d16_hard_t_le_eabi.a(libdebugio.o)
                              Output/stm_blinky_embedded_studio Debug/Obj/thumb_crt0.o (debug_fopen)
/usr/share/segger_embedded_studio_for_arm_4.16a/lib/libdebugio_mempoll_v7em_fpv4_sp_d16_hard_t_le_eabi.a(mempoll_debug_operations.o)
                              /usr/share/segger_embedded_studio_for_arm_4.16a/lib/libdebugio_v7em_fpv4_sp_d16_hard_t_le_eabi.a(libdebugio.o) (__do_debug_operation)
/usr/share/segger_embedded_studio_for_arm_4.16a/lib/libdebugio_mempoll_v7em_fpv4_sp_d16_hard_t_le_eabi.a(do_nv_debug_operation.o)
                              /usr/share/segger_embedded_studio_for_arm_4.16a/lib/libdebugio_v7em_fpv4_sp_d16_hard_t_le_eabi.a(libdebugio.o) (__do_nvdebug_operation)
/usr/share/segger_embedded_studio_for_arm_4.16a/lib/libm_v7em_fpv4_sp_d16_hard_t_le_eabi.a(libm_asm.o)
                              /usr/share/segger_embedded_studio_for_arm_4.16a/lib/libc_v7em_fpv4_sp_d16_hard_t_le_eabi.a(libc2.o) (__aeabi_i2d)
/usr/share/segger_embedded_studio_for_arm_4.16a/lib/libm_v7em_fpv4_sp_d16_hard_t_le_eabi.a(libm2.o)
                              /usr/share/segger_embedded_studio_for_arm_4.16a/lib/libvfprintf_v7em_fpv4_sp_d16_hard_t_le_eabi.o (frexp)
/usr/share/segger_embedded_studio_for_arm_4.16a/lib/libm_v7em_fpv4_sp_d16_hard_t_le_eabi.a(libm2_asm.o)
                              /usr/share/segger_embedded_studio_for_arm_4.16a/lib/libm_v7em_fpv4_sp_d16_hard_t_le_eabi.a(libm2.o) (fabs)

Discarded input sections

 .group         0x0000000000000000        0xc Output/stm_blinky_embedded_studio Debug/Obj/system_stm32f4xx.o
 .group         0x0000000000000000        0xc Output/stm_blinky_embedded_studio Debug/Obj/system_stm32f4xx.o
 .group         0x0000000000000000        0xc Output/stm_blinky_embedded_studio Debug/Obj/system_stm32f4xx.o
 .group         0x0000000000000000        0xc Output/stm_blinky_embedded_studio Debug/Obj/system_stm32f4xx.o
 .group         0x0000000000000000        0xc Output/stm_blinky_embedded_studio Debug/Obj/system_stm32f4xx.o
 .group         0x0000000000000000        0xc Output/stm_blinky_embedded_studio Debug/Obj/system_stm32f4xx.o
 .group         0x0000000000000000        0xc Output/stm_blinky_embedded_studio Debug/Obj/system_stm32f4xx.o
 .group         0x0000000000000000        0xc Output/stm_blinky_embedded_studio Debug/Obj/system_stm32f4xx.o
 .group         0x0000000000000000        0xc Output/stm_blinky_embedded_studio Debug/Obj/system_stm32f4xx.o
 .text          0x0000000000000000        0x0 Output/stm_blinky_embedded_studio Debug/Obj/system_stm32f4xx.o
 .data          0x0000000000000000        0x0 Output/stm_blinky_embedded_studio Debug/Obj/system_stm32f4xx.o
 .bss           0x0000000000000000        0x0 Output/stm_blinky_embedded_studio Debug/Obj/system_stm32f4xx.o
 .init          0x0000000000000000        0x0 Output/stm_blinky_embedded_studio Debug/Obj/system_stm32f4xx.o
 .data.SystemCoreClock
                0x0000000000000000        0x4 Output/stm_blinky_embedded_studio Debug/Obj/system_stm32f4xx.o
 .init_rodata.AHBPrescTable
                0x0000000000000000       0x10 Output/stm_blinky_embedded_studio Debug/Obj/system_stm32f4xx.o
 .init_rodata.APBPrescTable
                0x0000000000000000        0x8 Output/stm_blinky_embedded_studio Debug/Obj/system_stm32f4xx.o
 .init.SystemCoreClockUpdate
                0x0000000000000000       0xf0 Output/stm_blinky_embedded_studio Debug/Obj/system_stm32f4xx.o
 .group         0x0000000000000000        0xc Output/stm_blinky_embedded_studio Debug/Obj/SEGGER_RTT.o
 .group         0x0000000000000000        0xc Output/stm_blinky_embedded_studio Debug/Obj/SEGGER_RTT.o
 .group         0x0000000000000000        0xc Output/stm_blinky_embedded_studio Debug/Obj/SEGGER_RTT.o
[...]
Memory Configuration

Name             Origin             Length             Attributes
UNPLACED_SECTIONS 0x0000000100000000 0x0000000000000000 xw
RAM2             0x0000000020000000 0x0000000000020000 xw
RAM              0x0000000010000000 0x0000000000010000 xw
FLASH            0x0000000008000000 0x0000000000100000 xr
*default*        0x0000000000000000 0xffffffffffffffff

Linker script and memory map

                0x0000000000000000                __vfprintf = __vfprintf_int_nwp
                0x0000000000000000                __vfscanf = __vfscanf_int
                0x0000000020000000                __RAM2_segment_start__ = 0x20000000
                0x0000000020020000                __RAM2_segment_end__ = 0x20020000
                0x0000000000020000                __RAM2_segment_size__ = 0x20000
                0x0000000010000000                __RAM_segment_start__ = 0x10000000
                0x0000000010010000                __RAM_segment_end__ = 0x10010000
                0x0000000000010000                __RAM_segment_size__ = 0x10000
                0x0000000008000000                __FLASH_segment_start__ = 0x8000000
                0x0000000008100000                __FLASH_segment_end__ = 0x8100000
                0x0000000000100000                __FLASH_segment_size__ = 0x100000
                0x0000000000000100                __HEAPSIZE__ = 0x100
                0x0000000000000000                __STACKSIZE_PROCESS__ = 0x0
                0x0000000000000100                __STACKSIZE__ = 0x100
                0x0000000020000000                __data2_run_load_start__ = ALIGN (__RAM2_segment_start__, 0x4)

.data2_run      0x0000000020000000        0x0
                0x0000000020000000                __data2_run_start__ = .
 *(.data2_run .data2_run.*)
                0x0000000020000000                __data2_run_end__ = (__data2_run_start__ + SIZEOF (.data2_run))
                0x0000000000000000                __data2_run_size__ = SIZEOF (.data2_run)
                0x0000000020000000                __data2_run_load_end__ = __data2_run_end__
                0x0000000000000001                . = ASSERT (((__data2_run_start__ == __data2_run_end__) || ((__data2_run_end__ - __RAM2_segment_start__) <= __RAM2_segment_size__)), error: .data2_run is too large to fit in RAM2 memory segment)
                0x0000000020000000                __bss2_load_start__ = ALIGN (__data2_run_end__, 0x4)

.bss2           0x0000000020000000        0x0
                0x0000000020000000                __bss2_start__ = .
 *(.bss2 .bss2.*)
                0x0000000020000000                __bss2_end__ = (__bss2_start__ + SIZEOF (.bss2))
                0x0000000000000000                __bss2_size__ = SIZEOF (.bss2)
                0x0000000020000000                __bss2_load_end__ = __bss2_end__
                0x0000000020000000                __RAM2_segment_used_end__ = (ALIGN (__data2_run_end__, 0x4) + SIZEOF (.bss2))
                0x0000000000000000                __RAM2_segment_used_size__ = (__RAM2_segment_used_end__ - __RAM2_segment_start__)
                0x0000000000000001                . = ASSERT (((__bss2_start__ == __bss2_end__) || ((__bss2_end__ - __RAM2_segment_start__) <= __RAM2_segment_size__)), error: .bss2 is too large to fit in RAM2 memory segment)
                0x0000000010000000                __vectors_ram_load_start__ = ALIGN (__RAM_segment_start__, 0x100)

.vectors_ram    0x0000000010000000        0x0
                0x0000000010000000                __vectors_ram_start__ = .
 *(.vectors_ram .vectors_ram.*)
                0x0000000010000000                __vectors_ram_end__ = (__vectors_ram_start__ + SIZEOF (.vectors_ram))
                0x0000000000000000                __vectors_ram_size__ = SIZEOF (.vectors_ram)
                0x0000000010000000                __vectors_ram_load_end__ = __vectors_ram_end__
                0x0000000000000001                . = ASSERT (((__vectors_ram_start__ == __vectors_ram_end__) || ((__vectors_ram_end__ - __RAM_segment_start__) <= __RAM_segment_size__)), error: .vectors_ram is too large to fit in RAM memory segment)
                0x0000000008000000                __vectors_load_start__ = ALIGN (__FLASH_segment_start__, 0x100)

.vectors        0x0000000008000000      0x188
                0x0000000008000000                __vectors_start__ = .
 *(.vectors .vectors.*)
 .vectors       0x0000000008000000      0x188 Output/stm_blinky_embedded_studio Debug/Obj/STM32F40x_Vectors.o
                0x0000000008000000                _vectors
                0x0000000008000188                __vectors_end__ = (__vectors_start__ + SIZEOF (.vectors))
                0x0000000000000188                __vectors_size__ = SIZEOF (.vectors)
                0x0000000008000188                __vectors_load_end__ = __vectors_end__
                0x0000000000000001                . = ASSERT (((__vectors_start__ == __vectors_end__) || ((__vectors_end__ - __FLASH_segment_start__) <= __FLASH_segment_size__)), error: .vectors is too large to fit in FLASH memory segment)
                0x0000000008000188                __init_load_start__ = ALIGN (__vectors_end__, 0x4)

.init           0x0000000008000188      0x2a0
                0x0000000008000188                __init_start__ = .
 *(.init .init.*)
 .init.SystemInit
                0x0000000008000188       0x64 Output/stm_blinky_embedded_studio Debug/Obj/system_stm32f4xx.o
                0x0000000008000188                SystemInit
 .init          0x00000000080001ec      0x154 Output/stm_blinky_embedded_studio Debug/Obj/thumb_crt0.o
                0x00000000080001ec                _start
                0x000000000800029c                exit
 .init          0x0000000008000340       0x3c Output/stm_blinky_embedded_studio Debug/Obj/STM32F4xx_Startup.o
                0x0000000008000340                Reset_Handler
 .init          0x000000000800037c       0xac Output/stm_blinky_embedded_studio Debug/Obj/STM32F40x_Vectors.o
                0x000000000800037c                NMI_Handler
                0x000000000800037e                HardFault_Handler
                0x0000000008000380                SVC_Handler
                0x0000000008000382                PendSV_Handler
                0x0000000008000384                SysTick_Handler
                0x0000000008000388                WWDG_IRQHandler
                0x000000000800038a                PVD_IRQHandler
                0x000000000800038c                TAMP_STAMP_IRQHandler
                0x000000000800038e                RTC_WKUP_IRQHandler
                0x0000000008000390                RCC_IRQHandler
                0x0000000008000392                EXTI0_IRQHandler
                0x0000000008000394                EXTI1_IRQHandler
                0x0000000008000396                EXTI2_IRQHandler
                0x0000000008000398                EXTI3_IRQHandler
                0x000000000800039a                EXTI4_IRQHandler
                0x000000000800039c                DMA1_Stream0_IRQHandler
                0x000000000800039e                DMA1_Stream1_IRQHandler
                0x00000000080003a0                DMA1_Stream2_IRQHandler
                0x00000000080003a2                DMA1_Stream3_IRQHandler
                0x00000000080003a4                DMA1_Stream4_IRQHandler
                0x00000000080003a6                DMA1_Stream5_IRQHandler
                0x00000000080003a8                DMA1_Stream6_IRQHandler
                0x00000000080003aa                ADC_IRQHandler
                0x00000000080003ac                CAN1_TX_IRQHandler
                0x00000000080003ae                CAN1_RX0_IRQHandler
                0x00000000080003b0                CAN1_RX1_IRQHandler
                0x00000000080003b2                CAN1_SCE_IRQHandler
                0x00000000080003b4                EXTI9_5_IRQHandler
                0x00000000080003b6                TIM1_BRK_TIM9_IRQHandler
                0x00000000080003b8                TIM1_UP_TIM10_IRQHandler
                0x00000000080003ba                TIM1_TRG_COM_TIM11_IRQHandler
                0x00000000080003bc                TIM1_CC_IRQHandler
                0x00000000080003be                TIM2_IRQHandler
                0x00000000080003c0                TIM3_IRQHandler
                0x00000000080003c2                TIM4_IRQHandler
                0x00000000080003c8                I2C2_EV_IRQHandler
                0x00000000080003ca                I2C2_ER_IRQHandler
                0x00000000080003cc                SPI1_IRQHandler
                0x00000000080003ce                SPI2_IRQHandler
                0x00000000080003d0                USART1_IRQHandler
                0x00000000080003d2                USART2_IRQHandler
                0x00000000080003d4                USART3_IRQHandler
                0x00000000080003d6                EXTI15_10_IRQHandler
                0x00000000080003d8                RTC_Alarm_IRQHandler
                0x00000000080003da                OTG_FS_WKUP_IRQHandler
                0x00000000080003dc                TIM8_BRK_TIM12_IRQHandler
                0x00000000080003de                TIM8_UP_TIM13_IRQHandler
                0x00000000080003e0                TIM8_TRG_COM_TIM14_IRQHandler
                0x00000000080003e2                TIM8_CC_IRQHandler
                0x00000000080003e4                DMA1_Stream7_IRQHandler
                0x00000000080003e6                FSMC_IRQHandler
                0x00000000080003e8                SDIO_IRQHandler
                0x00000000080003ea                TIM5_IRQHandler
                0x00000000080003ec                SPI3_IRQHandler
                0x00000000080003ee                UART4_IRQHandler
                0x00000000080003f0                UART5_IRQHandler
                0x00000000080003f2                TIM6_DAC_IRQHandler
                0x00000000080003f4                TIM7_IRQHandler
                0x00000000080003f6                DMA2_Stream0_IRQHandler
                0x00000000080003f8                DMA2_Stream1_IRQHandler
                0x00000000080003fa                DMA2_Stream2_IRQHandler
                0x00000000080003fc                DMA2_Stream3_IRQHandler
                0x00000000080003fe                DMA2_Stream4_IRQHandler
                0x0000000008000400                ETH_IRQHandler
                0x0000000008000402                ETH_WKUP_IRQHandler
                0x0000000008000404                CAN2_TX_IRQHandler
                0x0000000008000406                CAN2_RX0_IRQHandler
                0x0000000008000408                CAN2_RX1_IRQHandler
                0x000000000800040a                CAN2_SCE_IRQHandler
                0x000000000800040c                OTG_FS_IRQHandler
                0x000000000800040e                DMA2_Stream5_IRQHandler
                0x0000000008000410                DMA2_Stream6_IRQHandler
                0x0000000008000412                DMA2_Stream7_IRQHandler
                0x0000000008000414                USART6_IRQHandler
                0x0000000008000416                I2C3_EV_IRQHandler
                0x0000000008000418                I2C3_ER_IRQHandler
                0x000000000800041a                OTG_HS_EP1_OUT_IRQHandler
                0x000000000800041c                OTG_HS_EP1_IN_IRQHandler
                0x000000000800041e                OTG_HS_WKUP_IRQHandler
                0x0000000008000420                OTG_HS_IRQHandler
                0x0000000008000422                DCMI_IRQHandler
                0x0000000008000424                FPU_IRQHandler
                0x0000000008000428                __init_end__ = (__init_start__ + SIZEOF (.init))
                0x00000000000002a0                __init_size__ = SIZEOF (.init)
                0x0000000008000428                __init_load_end__ = __init_end__
                0x0000000000000001                . = ASSERT (((__init_start__ == __init_end__) || ((__init_end__ - __FLASH_segment_start__) <= __FLASH_segment_size__)), error: .init is too large to fit in FLASH memory segment)
                0x0000000008000428                __init_rodata_load_start__ = ALIGN (__init_end__, 0x4)

.init_rodata    0x0000000008000428        0x0
                0x0000000008000428                __init_rodata_start__ = .
 *(.init_rodata .init_rodata.*)
                0x0000000008000428                __init_rodata_end__ = (__init_rodata_start__ + SIZEOF (.init_rodata))
                0x0000000000000000                __init_rodata_size__ = SIZEOF (.init_rodata)
                0x0000000008000428                __init_rodata_load_end__ = __init_rodata_end__
                0x0000000000000001                . = ASSERT (((__init_rodata_start__ == __init_rodata_end__) || ((__init_rodata_end__ - __FLASH_segment_start__) <= __FLASH_segment_size__)), error: .init_rodata is too large to fit in FLASH memory segment)
                0x0000000008000428                __text_load_start__ = ALIGN (__init_rodata_end__, 0x4)

.text           0x0000000008000428      0x76e
                0x0000000008000428                __text_start__ = .
 *(.text .text.* .glue_7t .glue_7 .gnu.linkonce.t.* .gcc_except_table .ARM.extab* .gnu.linkonce.armextab.*)
 .glue_7        0x0000000008000428        0x0 linker stubs
 .glue_7t       0x0000000008000428        0x0 linker stubs
 .text.main     0x0000000008000428       0xd0 Output/stm_blinky_embedded_studio Debug/Obj/main.o
                0x0000000008000428                main
 .text._Z5Delayj
                0x00000000080004f8       0x20 Output/stm_blinky_embedded_studio Debug/Obj/main.o
                0x00000000080004f8                Delay(unsigned int)
 .text._ZN4GPIOILj1073873920ELj13ELj1ELj0ELj1ELj0ELj0EEC2Ev
                0x0000000008000518       0x6c Output/stm_blinky_embedded_studio Debug/Obj/main.o
                0x0000000008000518                GPIO<1073873920u, 13u, 1u, 0u, 1u, 0u, 0u>::GPIO()
                0x0000000008000518                GPIO<1073873920u, 13u, 1u, 0u, 1u, 0u, 0u>::GPIO()
 .text._ZNK4GPIOILj1073873920ELj13ELj1ELj0ELj1ELj0ELj0EE6toggleEv
                0x0000000008000584       0x12 Output/stm_blinky_embedded_studio Debug/Obj/main.o
                0x0000000008000584                GPIO<1073873920u, 13u, 1u, 0u, 1u, 0u, 0u>::toggle() const
 *fill*         0x0000000008000596        0x2 
 .text._ZN10reg_accessIjjLj1073887280ELj2EE6reg_orEv
                0x0000000008000598       0x14 Output/stm_blinky_embedded_studio Debug/Obj/main.o
                0x0000000008000598                reg_access<unsigned int, unsigned int, 1073887280u, 2u>::reg_or()
 .text._ZN14dynamic_accessIjjE6reg_orEjj
                0x00000000080005ac       0x18 Output/stm_blinky_embedded_studio Debug/Obj/main.o
                0x00000000080005ac                dynamic_access<unsigned int, unsigned int>::reg_or(unsigned int, unsigned int)
 .text._ZN10reg_accessIjjLj1073873924ELj0EE6reg_orEv
                0x00000000080005c4       0x10 Output/stm_blinky_embedded_studio Debug/Obj/main.o
                0x00000000080005c4                reg_access<unsigned int, unsigned int, 1073873924u, 0u>::reg_or()
 .text._ZN10reg_accessIjjLj1073873940ELj4096EE7reg_xorEv
                0x00000000080005d4       0x14 Output/stm_blinky_embedded_studio Debug/Obj/main.o
                0x00000000080005d4                reg_access<unsigned int, unsigned int, 1073873940u, 4096u>::reg_xor()
 .text.I2C1_EV_IRQHandler
                0x00000000080005e8       0x1c Output/stm_blinky_embedded_studio Debug/Obj/interrupts.o
                0x00000000080005e8                I2C1_EV_IRQHandler
 .text.I2C1_ER_IRQHandler
                0x0000000008000604       0x1c Output/stm_blinky_embedded_studio Debug/Obj/interrupts.o
                0x0000000008000604                I2C1_ER_IRQHandler
 .text._ZN13interruptableC2Ev
                0x0000000008000620       0x18 Output/stm_blinky_embedded_studio Debug/Obj/interruptable.o
                0x0000000008000620                interruptable::interruptable()
                0x0000000008000620                interruptable::interruptable()
 .text._ZN9I2CMasterC2Ej
                0x0000000008000638      0x140 Output/stm_blinky_embedded_studio Debug/Obj/i2c.o
                0x0000000008000638                I2CMaster::I2CMaster(unsigned int)
                0x0000000008000638                I2CMaster::I2CMaster(unsigned int)
 .text._ZN9I2CMaster9sendBytesEPhh
                0x0000000008000778       0x54 Output/stm_blinky_embedded_studio Debug/Obj/i2c.o
                0x0000000008000778                I2CMaster::sendBytes(unsigned char*, unsigned char)
 .text._ZN9I2CMaster10EV_handlerEv
                0x00000000080007cc       0xf8 Output/stm_blinky_embedded_studio Debug/Obj/i2c.o
                0x00000000080007cc                I2CMaster::EV_handler()
 .text._ZN9I2CMaster18registerInterruptsEv
                0x00000000080008c4       0x14 Output/stm_blinky_embedded_studio Debug/Obj/i2c.o
                0x00000000080008c4                I2CMaster::registerInterrupts()
 .text._ZN9I2CMaster16handleInterruptsEi
                0x00000000080008d8       0x16 Output/stm_blinky_embedded_studio Debug/Obj/i2c.o
                0x00000000080008d8                I2CMaster::handleInterrupts(int)
 *fill*         0x00000000080008ee        0x2 
 .text._ZN10reg_accessIjjLj1073887296ELj2097152EE6reg_orEv
                0x00000000080008f0       0x14 Output/stm_blinky_embedded_studio Debug/Obj/i2c.o
                0x00000000080008f0                reg_access<unsigned int, unsigned int, 1073887296u, 2097152u>::reg_or()
 .text._ZN4GPIOILj1073873920ELj7ELj2ELj1ELj2ELj0ELj4EEC2Ev
                0x0000000008000904       0x70 Output/stm_blinky_embedded_studio Debug/Obj/i2c.o
                0x0000000008000904                GPIO<1073873920u, 7u, 2u, 1u, 2u, 0u, 4u>::GPIO()
                0x0000000008000904                GPIO<1073873920u, 7u, 2u, 1u, 2u, 0u, 4u>::GPIO()
 .text._ZN4GPIOILj1073873920ELj8ELj2ELj1ELj2ELj0ELj4EEC2Ev
                0x0000000008000974       0x70 Output/stm_blinky_embedded_studio Debug/Obj/i2c.o
                0x0000000008000974                GPIO<1073873920u, 8u, 2u, 1u, 2u, 0u, 4u>::GPIO()
                0x0000000008000974                GPIO<1073873920u, 8u, 2u, 1u, 2u, 0u, 4u>::GPIO()
 .text._ZN14dynamic_accessIjtE6reg_orEjt
                0x00000000080009e4       0x22 Output/stm_blinky_embedded_studio Debug/Obj/i2c.o
                0x00000000080009e4                dynamic_access<unsigned int, unsigned short>::reg_or(unsigned int, unsigned short)
 .text._ZN14dynamic_accessIjtE7reg_notEjt
                0x0000000008000a06       0x26 Output/stm_blinky_embedded_studio Debug/Obj/i2c.o
                0x0000000008000a06                dynamic_access<unsigned int, unsigned short>::reg_not(unsigned int, unsigned short)
 .text._ZN14dynamic_accessIjtE7reg_getEj
                0x0000000008000a2c       0x10 Output/stm_blinky_embedded_studio Debug/Obj/i2c.o
                0x0000000008000a2c                dynamic_access<unsigned int, unsigned short>::reg_get(unsigned int)
 .text._ZN14dynamic_accessIjtE7reg_setEjt
                0x0000000008000a3c       0x18 Output/stm_blinky_embedded_studio Debug/Obj/i2c.o
                0x0000000008000a3c                dynamic_access<unsigned int, unsigned short>::reg_set(unsigned int, unsigned short)
 .text._ZN14dynamic_accessIjhE7reg_setEjh
                0x0000000008000a54       0x18 Output/stm_blinky_embedded_studio Debug/Obj/i2c.o
                0x0000000008000a54                dynamic_access<unsigned int, unsigned char>::reg_set(unsigned int, unsigned char)
 .text._ZN10reg_accessIjjLj1073873924ELj64EE6reg_orEv
                0x0000000008000a6c       0x14 Output/stm_blinky_embedded_studio Debug/Obj/i2c.o
                0x0000000008000a6c                reg_access<unsigned int, unsigned int, 1073873924u, 64u>::reg_or()
 .text._ZN10reg_accessIjjLj1073873924ELj128EE6reg_orEv
                0x0000000008000a80       0x14 Output/stm_blinky_embedded_studio Debug/Obj/i2c.o
                0x0000000008000a80                reg_access<unsigned int, unsigned int, 1073873924u, 128u>::reg_or()
 .text.NVIC_PriorityGroupConfig
                0x0000000008000a94       0x1c Output/stm_blinky_embedded_studio Debug/Obj/misc.o
                0x0000000008000a94                NVIC_PriorityGroupConfig
 .text.NVIC_Init
                0x0000000008000ab0       0xdc Output/stm_blinky_embedded_studio Debug/Obj/misc.o
                0x0000000008000ab0                NVIC_Init
 .text.abort    0x0000000008000b8c        0x2 Output/stm_blinky_embedded_studio Debug/Obj/thumb_crt0.o
                0x0000000008000b8c                abort
 .text.libcpp.__cxa_pure_virtual
                0x0000000008000b8e        0x8 /usr/share/segger_embedded_studio_for_arm_4.16a/lib/libcpp_v7em_fpv4_sp_d16_hard_t_le_eabi.a(new.o)
                0x0000000008000b8e                __cxa_pure_virtual
                0x0000000008000b96                __text_end__ = (__text_start__ + SIZEOF (.text))
                0x000000000000076e                __text_size__ = SIZEOF (.text)
                0x0000000008000b96                __text_load_end__ = __text_end__

.vfp11_veneer   0x0000000100000000        0x0
 .vfp11_veneer  0x0000000100000000        0x0 linker stubs

.v4_bx          0x0000000100000000        0x0
 .v4_bx         0x0000000100000000        0x0 linker stubs

.iplt           0x0000000100000000        0x0
 .iplt          0x0000000100000000        0x0 Output/stm_blinky_embedded_studio Debug/Obj/system_stm32f4xx.o
                0x0000000000000001                . = ASSERT (((__text_start__ == __text_end__) || ((__text_end__ - __FLASH_segment_start__) <= __FLASH_segment_size__)), error: .text is too large to fit in FLASH memory segment)
                0x0000000008000b98                __dtors_load_start__ = ALIGN (__text_end__, 0x4)

.dtors          0x0000000008000b98        0x0
                0x0000000008000b98                __dtors_start__ = .
 *(SORT_BY_NAME(.dtors.*))
 *(.dtors)
 *(.fini_array)
 *(SORT_BY_NAME(.fini_array.*))
                0x0000000008000b98                __dtors_end__ = (__dtors_start__ + SIZEOF (.dtors))
                0x0000000000000000                __dtors_size__ = SIZEOF (.dtors)
                0x0000000008000b98                __dtors_load_end__ = __dtors_end__
                0x0000000000000001                . = ASSERT (((__dtors_start__ == __dtors_end__) || ((__dtors_end__ - __FLASH_segment_start__) <= __FLASH_segment_size__)), error: .dtors is too large to fit in FLASH memory segment)
                0x0000000008000b98                __ctors_load_start__ = ALIGN (__dtors_end__, 0x4)

.ctors          0x0000000008000b98        0x0
                0x0000000008000b98                __ctors_start__ = .
 *(SORT_BY_NAME(.ctors.*))
 *(.ctors)
 *(.init_array)
 *(SORT_BY_NAME(.init_array.*))
                0x0000000008000b98                __ctors_end__ = (__ctors_start__ + SIZEOF (.ctors))
                0x0000000000000000                __ctors_size__ = SIZEOF (.ctors)
                0x0000000008000b98                __ctors_load_end__ = __ctors_end__
                0x0000000000000001                . = ASSERT (((__ctors_start__ == __ctors_end__) || ((__ctors_end__ - __FLASH_segment_start__) <= __FLASH_segment_size__)), error: .ctors is too large to fit in FLASH memory segment)
                0x0000000008000b98                __rodata_load_start__ = ALIGN (__ctors_end__, 0x4)

.rodata         0x0000000008000b98       0x2c
                0x0000000008000b98                __rodata_start__ = .
 *(.rodata .rodata.* .gnu.linkonce.r.*)
 .rodata        0x0000000008000b98       0x11 Output/stm_blinky_embedded_studio Debug/Obj/main.o
 *fill*         0x0000000008000ba9        0x3 
 .rodata._ZTV13interruptable
                0x0000000008000bac        0xc Output/stm_blinky_embedded_studio Debug/Obj/interruptable.o
                0x0000000008000bac                vtable for interruptable
 .rodata._ZTV9I2CMaster
                0x0000000008000bb8        0xc Output/stm_blinky_embedded_studio Debug/Obj/i2c.o
                0x0000000008000bb8                vtable for I2CMaster
                0x0000000008000bc4                __rodata_end__ = (__rodata_start__ + SIZEOF (.rodata))
                0x000000000000002c                __rodata_size__ = SIZEOF (.rodata)
                0x0000000008000bc4                __rodata_load_end__ = __rodata_end__

.rel.dyn        0x0000000008000000        0x0
 .rel.iplt      0x0000000008000000        0x0 Output/stm_blinky_embedded_studio Debug/Obj/system_stm32f4xx.o
                0x0000000000000001                . = ASSERT (((__rodata_start__ == __rodata_end__) || ((__rodata_end__ - __FLASH_segment_start__) <= __FLASH_segment_size__)), error: .rodata is too large to fit in FLASH memory segment)
                0x0000000008000bc4                __ARM.exidx_load_start__ = ALIGN (__rodata_end__, 0x4)

.ARM.exidx      0x0000000008000bc4        0x0
                0x0000000008000bc4                __ARM.exidx_start__ = .
                0x0000000008000bc4                __exidx_start = __ARM.exidx_start__
 *(.ARM.exidx .ARM.exidx.*)
                0x0000000008000bc4                __ARM.exidx_end__ = (__ARM.exidx_start__ + SIZEOF (.ARM.exidx))
                0x0000000000000000                __ARM.exidx_size__ = SIZEOF (.ARM.exidx)
                0x0000000008000bc4                __exidx_end = __ARM.exidx_end__
                0x0000000008000bc4                __ARM.exidx_load_end__ = __ARM.exidx_end__
                0x0000000000000001                . = ASSERT (((__ARM.exidx_start__ == __ARM.exidx_end__) || ((__ARM.exidx_end__ - __FLASH_segment_start__) <= __FLASH_segment_size__)), error: .ARM.exidx is too large to fit in FLASH memory segment)
                0x0000000008000bc4                __fast_load_start__ = ALIGN (__ARM.exidx_end__, 0x4)

.fast           0x0000000010000000        0x0 load address 0x0000000008000bc4
                0x0000000010000000                __fast_start__ = .
 *(.fast .fast.*)
                0x0000000010000000                __fast_end__ = (__fast_start__ + SIZEOF (.fast))
                0x0000000000000000                __fast_size__ = SIZEOF (.fast)
                0x0000000008000bc4                __fast_load_end__ = (__fast_load_start__ + SIZEOF (.fast))
                0x0000000000000001                . = ASSERT (((__fast_load_start__ == __fast_load_end__) || ((__fast_load_end__ - __FLASH_segment_start__) <= __FLASH_segment_size__)), error: .fast is too large to fit in FLASH memory segment)

.fast_run       0x0000000010000000        0x0
                0x0000000010000000                __fast_run_start__ = .
                0x0000000010000000                . = MAX ((__fast_run_start__ + SIZEOF (.fast)), .)
                0x0000000010000000                __fast_run_end__ = (__fast_run_start__ + SIZEOF (.fast_run))
                0x0000000000000000                __fast_run_size__ = SIZEOF (.fast_run)
                0x0000000010000000                __fast_run_load_end__ = __fast_run_end__
                0x0000000000000001                . = ASSERT (((__fast_run_start__ == __fast_run_end__) || ((__fast_run_end__ - __RAM_segment_start__) <= __RAM_segment_size__)), error: .fast_run is too large to fit in RAM memory segment)
                0x0000000008000bc4                __data_load_start__ = ALIGN ((__fast_load_start__ + SIZEOF (.fast)), 0x4)

.data           0x0000000010000000        0x0 load address 0x0000000008000bc4
                0x0000000010000000                __data_start__ = .
 *(.data .data.* .gnu.linkonce.d.*)
                0x0000000010000000                __data_end__ = (__data_start__ + SIZEOF (.data))
                0x0000000000000000                __data_size__ = SIZEOF (.data)
                0x0000000008000bc4                __data_load_end__ = (__data_load_start__ + SIZEOF (.data))

.igot.plt       0x0000000100000000        0x0
 .igot.plt      0x0000000100000000        0x0 Output/stm_blinky_embedded_studio Debug/Obj/system_stm32f4xx.o
                0x0000000000000001                . = ASSERT (((__data_load_start__ == __data_load_end__) || ((__data_load_end__ - __FLASH_segment_start__) <= __FLASH_segment_size__)), error: .data is too large to fit in FLASH memory segment)

.data_run       0x0000000010000000        0x0
                0x0000000010000000                __data_run_start__ = .
                0x0000000010000000                . = MAX ((__data_run_start__ + SIZEOF (.data)), .)
                0x0000000010000000                __data_run_end__ = (__data_run_start__ + SIZEOF (.data_run))
                0x0000000000000000                __data_run_size__ = SIZEOF (.data_run)
                0x0000000010000000                __data_run_load_end__ = __data_run_end__
                0x0000000000000001                . = ASSERT (((__data_run_start__ == __data_run_end__) || ((__data_run_end__ - __RAM_segment_start__) <= __RAM_segment_size__)), error: .data_run is too large to fit in RAM memory segment)
                0x0000000010000000                __bss_load_start__ = ALIGN (__data_run_end__, 0x4)

.bss            0x0000000010000000        0x4
                0x0000000010000000                __bss_start__ = .
 *(.bss .bss.* .gnu.linkonce.b.*)
 .bss.handlerPointers
                0x0000000010000000        0x4 Output/stm_blinky_embedded_studio Debug/Obj/interrupts.o
                0x0000000010000000                handlerPointers
 *(COMMON)
                0x0000000010000004                __bss_end__ = (__bss_start__ + SIZEOF (.bss))
                0x0000000000000004                __bss_size__ = SIZEOF (.bss)
                0x0000000010000004                __bss_load_end__ = __bss_end__
                0x0000000000000001                . = ASSERT (((__bss_start__ == __bss_end__) || ((__bss_end__ - __RAM_segment_start__) <= __RAM_segment_size__)), error: .bss is too large to fit in RAM memory segment)
                0x0000000010000004                __tbss_load_start__ = ALIGN (__bss_end__, 0x4)

.tbss           0x0000000010000004        0x0
                0x0000000010000004                __tbss_start__ = .
 *(.tbss .tbss.*)
                0x0000000010000004                __tbss_end__ = (__tbss_start__ + SIZEOF (.tbss))
                0x0000000000000000                __tbss_size__ = SIZEOF (.tbss)
                0x0000000010000004                __tbss_load_end__ = __tbss_end__
                0x0000000000000001                . = ASSERT (((__tbss_start__ == __tbss_end__) || ((__tbss_end__ - __RAM_segment_start__) <= __RAM_segment_size__)), error: .tbss is too large to fit in RAM memory segment)
                0x0000000008000bc4                __tdata_load_start__ = ALIGN ((__data_load_start__ + SIZEOF (.data)), 0x4)

.tdata          0x0000000010000004        0x0 load address 0x0000000008000bc4
                0x0000000010000004                __tdata_start__ = .
 *(.tdata .tdata.*)
                0x0000000010000004                __tdata_end__ = (__tdata_start__ + SIZEOF (.tdata))
                0x0000000000000000                __tdata_size__ = SIZEOF (.tdata)
                0x0000000008000bc4                __tdata_load_end__ = (__tdata_load_start__ + SIZEOF (.tdata))
                0x0000000008000bc4                __FLASH_segment_used_end__ = (ALIGN ((__data_load_start__ + SIZEOF (.data)), 0x4) + SIZEOF (.tdata))
                0x0000000000000bc4                __FLASH_segment_used_size__ = (__FLASH_segment_used_end__ - __FLASH_segment_start__)
                0x0000000000000001                . = ASSERT (((__tdata_load_start__ == __tdata_load_end__) || ((__tdata_load_end__ - __FLASH_segment_start__) <= __FLASH_segment_size__)), error: .tdata is too large to fit in FLASH memory segment)

.tdata_run      0x0000000010000004        0x0
                0x0000000010000004                __tdata_run_start__ = .
                0x0000000010000004                . = MAX ((__tdata_run_start__ + SIZEOF (.tdata)), .)
                0x0000000010000004                __tdata_run_end__ = (__tdata_run_start__ + SIZEOF (.tdata_run))
                0x0000000000000000                __tdata_run_size__ = SIZEOF (.tdata_run)
                0x0000000010000004                __tdata_run_load_end__ = __tdata_run_end__
                0x0000000000000001                . = ASSERT (((__tdata_run_start__ == __tdata_run_end__) || ((__tdata_run_end__ - __RAM_segment_start__) <= __RAM_segment_size__)), error: .tdata_run is too large to fit in RAM memory segment)
                0x0000000010000004                __non_init_load_start__ = ALIGN (__tdata_run_end__, 0x4)

.non_init       0x0000000010000004        0x0
                0x0000000010000004                __non_init_start__ = .
 *(.non_init .non_init.*)
                0x0000000010000004                __non_init_end__ = (__non_init_start__ + SIZEOF (.non_init))
                0x0000000000000000                __non_init_size__ = SIZEOF (.non_init)
                0x0000000010000004                __non_init_load_end__ = __non_init_end__
                0x0000000000000001                . = ASSERT (((__non_init_start__ == __non_init_end__) || ((__non_init_end__ - __RAM_segment_start__) <= __RAM_segment_size__)), error: .non_init is too large to fit in RAM memory segment)
                0x0000000010000004                __heap_load_start__ = ALIGN (__non_init_end__, 0x4)

.heap           0x0000000010000004      0x100
                0x0000000010000004                __heap_start__ = .
 *(.heap .heap.*)
                0x0000000010000104                . = ALIGN (MAX ((__heap_start__ + __HEAPSIZE__), .), 0x4)
 *fill*         0x0000000010000004      0x100 
                0x0000000010000104                __heap_end__ = (__heap_start__ + SIZEOF (.heap))
                0x0000000000000100                __heap_size__ = SIZEOF (.heap)
                0x0000000010000104                __heap_load_end__ = __heap_end__
                0x0000000000000001                . = ASSERT (((__heap_start__ == __heap_end__) || ((__heap_end__ - __RAM_segment_start__) <= __RAM_segment_size__)), error: .heap is too large to fit in RAM memory segment)
                0x000000001000ff00                __stack_load_start__ = (__RAM_segment_start__ + (__RAM_segment_size__ - 0x100))

.stack          0x000000001000ff00      0x100
                0x000000001000ff00                __stack_start__ = .
 *(.stack .stack.*)
                0x0000000010010000                . = ALIGN (MAX ((__stack_start__ + __STACKSIZE__), .), 0x8)
 *fill*         0x000000001000ff00      0x100 
                0x0000000010010000                __stack_end__ = (__stack_start__ + SIZEOF (.stack))
                0x0000000000000100                __stack_size__ = SIZEOF (.stack)
                0x0000000010010000                __stack_load_end__ = __stack_end__
                0x0000000000000001                . = ASSERT (((__stack_start__ == __stack_end__) || ((__stack_end__ - __RAM_segment_start__) <= __RAM_segment_size__)), error: .stack is too large to fit in RAM memory segment)
                0x0000000000000001                . = ASSERT ((__heap_end__ <= __stack_start__), error: section .heap overlaps absolute placed section .stack)
                0x0000000010010000                __stack_process_load_start__ = ALIGN (__stack_end__, 0x8)

.stack_process  0x0000000010010000        0x0
                0x0000000010010000                __stack_process_start__ = .
 *(.stack_process .stack_process.*)
                0x0000000010010000                . = ALIGN (MAX ((__stack_process_start__ + __STACKSIZE_PROCESS__), .), 0x8)
                0x0000000010010000                __stack_process_end__ = (__stack_process_start__ + SIZEOF (.stack_process))
                0x0000000000000000                __stack_process_size__ = SIZEOF (.stack_process)
                0x0000000010010000                __stack_process_load_end__ = __stack_process_end__
                0x0000000010010000                __RAM_segment_used_end__ = (ALIGN (__stack_end__, 0x8) + SIZEOF (.stack_process))
                0x0000000000010000                __RAM_segment_used_size__ = (__RAM_segment_used_end__ - __RAM_segment_start__)
                0x0000000000000001                . = ASSERT (((__stack_process_start__ == __stack_process_end__) || ((__stack_process_end__ - __RAM_segment_start__) <= __RAM_segment_size__)), error: .stack_process is too large to fit in RAM memory segment)
START GROUP
LOAD Output/stm_blinky_embedded_studio Debug/Obj/system_stm32f4xx.o
LOAD Output/stm_blinky_embedded_studio Debug/Obj/SEGGER_RTT.o
LOAD Output/stm_blinky_embedded_studio Debug/Obj/SEGGER_RTT_SES.o
LOAD Output/stm_blinky_embedded_studio Debug/Obj/main.o
LOAD Output/stm_blinky_embedded_studio Debug/Obj/interrupts.o
LOAD Output/stm_blinky_embedded_studio Debug/Obj/interruptable.o
LOAD Output/stm_blinky_embedded_studio Debug/Obj/i2c.o
LOAD Output/stm_blinky_embedded_studio Debug/Obj/interrupt_test.o
LOAD Output/stm_blinky_embedded_studio Debug/Obj/misc.o
LOAD Output/stm_blinky_embedded_studio Debug/Obj/thumb_crt0.o
LOAD Output/stm_blinky_embedded_studio Debug/Obj/STM32F4xx_Startup.o
LOAD Output/stm_blinky_embedded_studio Debug/Obj/STM32F40x_Vectors.o
LOAD /home/matt/Development/code/st/embedded studio/Test/../libraries/etl/Output/Debug/Exe/etl.a
LOAD /usr/share/segger_embedded_studio_for_arm_4.16a/lib/libdebugio_mempoll_v7em_fpv4_sp_d16_hard_t_le_eabi.a
LOAD /usr/share/segger_embedded_studio_for_arm_4.16a/lib/libm_v7em_fpv4_sp_d16_hard_t_le_eabi.a
LOAD /usr/share/segger_embedded_studio_for_arm_4.16a/lib/libc_v7em_fpv4_sp_d16_hard_t_le_eabi.a
LOAD /usr/share/segger_embedded_studio_for_arm_4.16a/lib/libcpp_v7em_fpv4_sp_d16_hard_t_le_eabi.a
LOAD /usr/share/segger_embedded_studio_for_arm_4.16a/lib/libdebugio_v7em_fpv4_sp_d16_hard_t_le_eabi.a
LOAD /usr/share/segger_embedded_studio_for_arm_4.16a/lib/libvfprintf_v7em_fpv4_sp_d16_hard_t_le_eabi.o
LOAD /usr/share/segger_embedded_studio_for_arm_4.16a/lib/libvfscanf_v7em_fpv4_sp_d16_hard_t_le_eabi.o
END GROUP
OUTPUT(Output/Debug/Exe/stm_blinky_embedded_studio.elf elf32-littlearm)

.debug_frame    0x0000000000000000      0x4d0
 .debug_frame   0x0000000000000000       0x40 Output/stm_blinky_embedded_studio Debug/Obj/system_stm32f4xx.o
 .debug_frame   0x0000000000000040       0xf8 Output/stm_blinky_embedded_studio Debug/Obj/main.o
 .debug_frame   0x0000000000000138       0x48 Output/stm_blinky_embedded_studio Debug/Obj/interrupts.o
 .debug_frame   0x0000000000000180       0x30 Output/stm_blinky_embedded_studio Debug/Obj/interruptable.o
 .debug_frame   0x00000000000001b0      0x258 Output/stm_blinky_embedded_studio Debug/Obj/i2c.o
 .debug_frame   0x0000000000000408       0xc8 Output/stm_blinky_embedded_studio Debug/Obj/misc.o

.debug_info     0x0000000000000000     0x68c9
 .debug_info    0x0000000000000000      0x514 Output/stm_blinky_embedded_studio Debug/Obj/system_stm32f4xx.o
 .debug_info    0x0000000000000514     0x26a4 Output/stm_blinky_embedded_studio Debug/Obj/main.o
 .debug_info    0x0000000000002bb8      0x1f4 Output/stm_blinky_embedded_studio Debug/Obj/interrupts.o
 .debug_info    0x0000000000002dac      0x142 Output/stm_blinky_embedded_studio Debug/Obj/interruptable.o
 .debug_info    0x0000000000002eee     0x339a Output/stm_blinky_embedded_studio Debug/Obj/i2c.o
 .debug_info    0x0000000000006288      0x5d3 Output/stm_blinky_embedded_studio Debug/Obj/misc.o
 .debug_info    0x000000000000685b       0x22 Output/stm_blinky_embedded_studio Debug/Obj/thumb_crt0.o
 .debug_info    0x000000000000687d       0x26 Output/stm_blinky_embedded_studio Debug/Obj/STM32F4xx_Startup.o
 .debug_info    0x00000000000068a3       0x26 Output/stm_blinky_embedded_studio Debug/Obj/STM32F40x_Vectors.o

.debug_abbrev   0x0000000000000000      0xe98
 .debug_abbrev  0x0000000000000000      0x12c Output/stm_blinky_embedded_studio Debug/Obj/system_stm32f4xx.o
 .debug_abbrev  0x000000000000012c      0x435 Output/stm_blinky_embedded_studio Debug/Obj/main.o
 .debug_abbrev  0x0000000000000561       0xfe Output/stm_blinky_embedded_studio Debug/Obj/interrupts.o
 .debug_abbrev  0x000000000000065f      0x116 Output/stm_blinky_embedded_studio Debug/Obj/interruptable.o
 .debug_abbrev  0x0000000000000775      0x519 Output/stm_blinky_embedded_studio Debug/Obj/i2c.o
 .debug_abbrev  0x0000000000000c8e      0x1d0 Output/stm_blinky_embedded_studio Debug/Obj/misc.o
 .debug_abbrev  0x0000000000000e5e       0x12 Output/stm_blinky_embedded_studio Debug/Obj/thumb_crt0.o
 .debug_abbrev  0x0000000000000e70       0x14 Output/stm_blinky_embedded_studio Debug/Obj/STM32F4xx_Startup.o
 .debug_abbrev  0x0000000000000e84       0x14 Output/stm_blinky_embedded_studio Debug/Obj/STM32F40x_Vectors.o

.debug_pubnames
                0x0000000000000000     0x6fe8
 .debug_pubnames
                0x0000000000000000       0x73 Output/stm_blinky_embedded_studio Debug/Obj/system_stm32f4xx.o
 .debug_pubnames
                0x0000000000000073     0x358f Output/stm_blinky_embedded_studio Debug/Obj/main.o
 .debug_pubnames
                0x0000000000003602       0xb4 Output/stm_blinky_embedded_studio Debug/Obj/interrupts.o
 .debug_pubnames
                0x00000000000036b6       0x33 Output/stm_blinky_embedded_studio Debug/Obj/interruptable.o
 .debug_pubnames
                0x00000000000036e9     0x382c Output/stm_blinky_embedded_studio Debug/Obj/i2c.o
 .debug_pubnames
                0x0000000000006f15       0xd3 Output/stm_blinky_embedded_studio Debug/Obj/misc.o

.debug_pubtypes
                0x0000000000000000      0xdae
 .debug_pubtypes
                0x0000000000000000       0xe1 Output/stm_blinky_embedded_studio Debug/Obj/system_stm32f4xx.o
 .debug_pubtypes
                0x00000000000000e1      0x492 Output/stm_blinky_embedded_studio Debug/Obj/main.o
 .debug_pubtypes
                0x0000000000000573      0x118 Output/stm_blinky_embedded_studio Debug/Obj/interrupts.o
 .debug_pubtypes
                0x000000000000068b       0x2c Output/stm_blinky_embedded_studio Debug/Obj/interruptable.o
 .debug_pubtypes
                0x00000000000006b7      0x5de Output/stm_blinky_embedded_studio Debug/Obj/i2c.o
 .debug_pubtypes
                0x0000000000000c95      0x119 Output/stm_blinky_embedded_studio Debug/Obj/misc.o

.debug_aranges  0x0000000000000000      0x278
 .debug_aranges
                0x0000000000000000       0x28 Output/stm_blinky_embedded_studio Debug/Obj/system_stm32f4xx.o
 .debug_aranges
                0x0000000000000028       0x58 Output/stm_blinky_embedded_studio Debug/Obj/main.o
 .debug_aranges
                0x0000000000000080       0x28 Output/stm_blinky_embedded_studio Debug/Obj/interrupts.o
 .debug_aranges
                0x00000000000000a8       0x20 Output/stm_blinky_embedded_studio Debug/Obj/interruptable.o
 .debug_aranges
                0x00000000000000c8       0xb0 Output/stm_blinky_embedded_studio Debug/Obj/i2c.o
 .debug_aranges
                0x0000000000000178       0x40 Output/stm_blinky_embedded_studio Debug/Obj/misc.o
 .debug_aranges
                0x00000000000001b8       0x80 Output/stm_blinky_embedded_studio Debug/Obj/thumb_crt0.o
 .debug_aranges
                0x0000000000000238       0x20 Output/stm_blinky_embedded_studio Debug/Obj/STM32F4xx_Startup.o
 .debug_aranges
                0x0000000000000258       0x20 Output/stm_blinky_embedded_studio Debug/Obj/STM32F40x_Vectors.o

.debug_ranges   0x0000000000000000      0x1d0
 .debug_ranges  0x0000000000000000       0x18 Output/stm_blinky_embedded_studio Debug/Obj/system_stm32f4xx.o
 .debug_ranges  0x0000000000000018       0x48 Output/stm_blinky_embedded_studio Debug/Obj/main.o
 .debug_ranges  0x0000000000000060       0x18 Output/stm_blinky_embedded_studio Debug/Obj/interrupts.o
 .debug_ranges  0x0000000000000078       0x10 Output/stm_blinky_embedded_studio Debug/Obj/interruptable.o
 .debug_ranges  0x0000000000000088       0xa0 Output/stm_blinky_embedded_studio Debug/Obj/i2c.o
 .debug_ranges  0x0000000000000128       0x30 Output/stm_blinky_embedded_studio Debug/Obj/misc.o
 .debug_ranges  0x0000000000000158       0x78 Output/stm_blinky_embedded_studio Debug/Obj/thumb_crt0.o

.debug_macro    0x0000000000000000    0x17c3e
 .debug_macro   0x0000000000000000       0x93 Output/stm_blinky_embedded_studio Debug/Obj/system_stm32f4xx.o
 .debug_macro   0x0000000000000093      0xac0 Output/stm_blinky_embedded_studio Debug/Obj/system_stm32f4xx.o
 .debug_macro   0x0000000000000b53       0x33 Output/stm_blinky_embedded_studio Debug/Obj/system_stm32f4xx.o
 .debug_macro   0x0000000000000b86       0x28 Output/stm_blinky_embedded_studio Debug/Obj/system_stm32f4xx.o
 .debug_macro   0x0000000000000bae      0x1a3 Output/stm_blinky_embedded_studio Debug/Obj/system_stm32f4xx.o
 .debug_macro   0x0000000000000d51       0x35 Output/stm_blinky_embedded_studio Debug/Obj/system_stm32f4xx.o
 .debug_macro   0x0000000000000d86       0x50 Output/stm_blinky_embedded_studio Debug/Obj/system_stm32f4xx.o
 .debug_macro   0x0000000000000dd6      0xe66 Output/stm_blinky_embedded_studio Debug/Obj/system_stm32f4xx.o
 .debug_macro   0x0000000000001c3c    0x14194 Output/stm_blinky_embedded_studio Debug/Obj/system_stm32f4xx.o
 .debug_macro   0x0000000000015dd0       0x43 Output/stm_blinky_embedded_studio Debug/Obj/system_stm32f4xx.o
 .debug_macro   0x0000000000015e13       0xda Output/stm_blinky_embedded_studio Debug/Obj/main.o
 .debug_macro   0x0000000000015eed      0xb98 Output/stm_blinky_embedded_studio Debug/Obj/main.o
 .debug_macro   0x0000000000016a85      0xe66 Output/stm_blinky_embedded_studio Debug/Obj/main.o
 .debug_macro   0x00000000000178eb       0x82 Output/stm_blinky_embedded_studio Debug/Obj/main.o
 .debug_macro   0x000000000001796d       0x95 Output/stm_blinky_embedded_studio Debug/Obj/interrupts.o
 .debug_macro   0x0000000000017a02       0x1b Output/stm_blinky_embedded_studio Debug/Obj/interruptable.o
 .debug_macro   0x0000000000017a1d       0xd4 Output/stm_blinky_embedded_studio Debug/Obj/i2c.o
 .debug_macro   0x0000000000017af1       0x3b Output/stm_blinky_embedded_studio Debug/Obj/i2c.o
 .debug_macro   0x0000000000017b2c       0x96 Output/stm_blinky_embedded_studio Debug/Obj/misc.o
 .debug_macro   0x0000000000017bc2       0x7c Output/stm_blinky_embedded_studio Debug/Obj/misc.o

.debug_line     0x0000000000000000     0x1709
 .debug_line    0x0000000000000000      0x2f5 Output/stm_blinky_embedded_studio Debug/Obj/system_stm32f4xx.o
 .debug_line    0x00000000000002f5      0x3d1 Output/stm_blinky_embedded_studio Debug/Obj/main.o
 .debug_line    0x00000000000006c6      0x26a Output/stm_blinky_embedded_studio Debug/Obj/interrupts.o
 .debug_line    0x0000000000000930       0xa4 Output/stm_blinky_embedded_studio Debug/Obj/interruptable.o
 .debug_line    0x00000000000009d4      0x5ea Output/stm_blinky_embedded_studio Debug/Obj/i2c.o
 .debug_line    0x0000000000000fbe      0x3ad Output/stm_blinky_embedded_studio Debug/Obj/misc.o
 .debug_line    0x000000000000136b      0x1f1 Output/stm_blinky_embedded_studio Debug/Obj/thumb_crt0.o
 .debug_line    0x000000000000155c       0xb8 Output/stm_blinky_embedded_studio Debug/Obj/STM32F4xx_Startup.o
 .debug_line    0x0000000000001614       0xf5 Output/stm_blinky_embedded_studio Debug/Obj/STM32F40x_Vectors.o

.debug_str      0x0000000000000000    0x7d0cd
 .debug_str     0x0000000000000000    0x793e8 Output/stm_blinky_embedded_studio Debug/Obj/system_stm32f4xx.o
                                      0x79485 (size before relaxing)
 .debug_str     0x00000000000793e8     0x24e3 Output/stm_blinky_embedded_studio Debug/Obj/main.o
                                      0x7b59d (size before relaxing)
 .debug_str     0x000000000007b8cb       0xd2 Output/stm_blinky_embedded_studio Debug/Obj/interrupts.o
                                      0x79779 (size before relaxing)
 .debug_str     0x000000000007b99d      0x119 Output/stm_blinky_embedded_studio Debug/Obj/interruptable.o
                                       0x31b0 (size before relaxing)
 .debug_str     0x000000000007bab6     0x11df Output/stm_blinky_embedded_studio Debug/Obj/i2c.o
                                      0x7c558 (size before relaxing)
 .debug_str     0x000000000007cc95      0x2f4 Output/stm_blinky_embedded_studio Debug/Obj/misc.o
                                      0x79969 (size before relaxing)
 .debug_str     0x000000000007cf89       0x66 Output/stm_blinky_embedded_studio Debug/Obj/thumb_crt0.o
                                         0xb0 (size before relaxing)
 .debug_str     0x000000000007cfef       0x6f Output/stm_blinky_embedded_studio Debug/Obj/STM32F4xx_Startup.o
                                         0xc8 (size before relaxing)
 .debug_str     0x000000000007d05e       0x6f Output/stm_blinky_embedded_studio Debug/Obj/STM32F40x_Vectors.o
                                         0xc8 (size before relaxing)

.comment        0x0000000000000000       0x43
 .comment       0x0000000000000000       0x43 Output/stm_blinky_embedded_studio Debug/Obj/system_stm32f4xx.o
                                         0x44 (size before relaxing)
 .comment       0x0000000000000043       0x44 Output/stm_blinky_embedded_studio Debug/Obj/main.o
 .comment       0x0000000000000043       0x44 Output/stm_blinky_embedded_studio Debug/Obj/interrupts.o
 .comment       0x0000000000000043       0x44 Output/stm_blinky_embedded_studio Debug/Obj/interruptable.o
 .comment       0x0000000000000043       0x44 Output/stm_blinky_embedded_studio Debug/Obj/i2c.o
 .comment       0x0000000000000043       0x44 Output/stm_blinky_embedded_studio Debug/Obj/misc.o
 .comment       0x0000000000000043       0x44 /usr/share/segger_embedded_studio_for_arm_4.16a/lib/libcpp_v7em_fpv4_sp_d16_hard_t_le_eabi.a(new.o)

.ARM.attributes
                0x0000000000000000       0x37
 .ARM.attributes
                0x0000000000000000       0x39 Output/stm_blinky_embedded_studio Debug/Obj/system_stm32f4xx.o
 .ARM.attributes
                0x0000000000000039       0x39 Output/stm_blinky_embedded_studio Debug/Obj/main.o
 .ARM.attributes
                0x0000000000000072       0x39 Output/stm_blinky_embedded_studio Debug/Obj/interrupts.o
 .ARM.attributes
                0x00000000000000ab       0x39 Output/stm_blinky_embedded_studio Debug/Obj/interruptable.o
 .ARM.attributes
                0x00000000000000e4       0x39 Output/stm_blinky_embedded_studio Debug/Obj/i2c.o
 .ARM.attributes
                0x000000000000011d       0x39 Output/stm_blinky_embedded_studio Debug/Obj/misc.o
 .ARM.attributes
                0x0000000000000156       0x25 Output/stm_blinky_embedded_studio Debug/Obj/thumb_crt0.o
 .ARM.attributes
                0x000000000000017b       0x25 Output/stm_blinky_embedded_studio Debug/Obj/STM32F4xx_Startup.o
 .ARM.attributes
                0x00000000000001a0       0x25 Output/stm_blinky_embedded_studio Debug/Obj/STM32F40x_Vectors.o
 .ARM.attributes
                0x00000000000001c5       0x34 /usr/share/segger_embedded_studio_for_arm_4.16a/lib/libcpp_v7em_fpv4_sp_d16_hard_t_le_eabi.a(new.o)
